// Jest Snapshot v1, https://goo.gl/fbAQLP

exports[`Test components render Tests City 1`] = `
<div
  className="container"
>
  <div
    className="city-main"
  >
    <a
      href="/"
    >
      <i
        className="fa fa-arrow-circle-left"
      />
    </a>
    <div>
      <h2>
        United States
      </h2>
      <img
        alt=""
        src=""
      />
    </div>
  </div>
  <div
    className="city-sub"
  >
    <div
      className="cell-detail"
    >
      <h2>
        New York City
      </h2>
      <div
        className="data"
      >
        <span>
          CO:  NO: 
        </span>
        <br />
        <span>
          NH3: 0 O3: 
        </span>
        <br />
        <span>
          PM10:  PM2_5: 
        </span>
        <br />
        <span>
          SO2: 
        </span>
      </div>
    </div>
    <div
      className="cell-detail"
    >
      <h2>
        Los Angeles
      </h2>
      <div
        className="data"
      >
        <span>
          CO:  NO: 
        </span>
        <br />
        <span>
          NH3: 0 O3: 
        </span>
        <br />
        <span>
          PM10:  PM2_5: 
        </span>
        <br />
        <span>
          SO2: 
        </span>
      </div>
    </div>
    ;
  </div>
</div>
`;

exports[`Test components render Tests Home 1`] = `
<div
  className="container"
>
  <div
    className="main-area"
  >
    <input
      onChange={[Function]}
      placeholder="Search..."
      type="text"
    />
  </div>
  <div
    className="sub-area"
  >
    <button
      className="cell"
      onClick={[Function]}
      style={
        Object {
          "backgroundImage": "url()",
          "backgroundRepeat": "no-repeat",
          "backgroundSize": "contain",
        }
      }
      type="button"
    >
      <div
        className="inside-icon-wrapper"
      >
        <i
          className="fa fa-arrow-circle-right"
        />
      </div>
      <div
        className=""
      >
        <h2>
          United States
        </h2>
        <div
          className="pullution"
        >
          CO: 200 NO: 30
          <br />
          NO2: undefined NH3: 0.5
          <br />
          O3: 600 PM10: 12
          <br />
          PM2_5: 0.6 SO2: 23
        </div>
      </div>
    </button>
    <button
      className="cell"
      onClick={[Function]}
      style={
        Object {
          "backgroundImage": "url()",
          "backgroundRepeat": "no-repeat",
          "backgroundSize": "contain",
        }
      }
      type="button"
    >
      <div
        className="inside-icon-wrapper"
      >
        <i
          className="fa fa-arrow-circle-right"
        />
      </div>
      <div
        className=""
      >
        <h2>
          Canada
        </h2>
        <div
          className="pullution"
        >
          CO: 200 NO: 30
          <br />
          NO2: undefined NH3: 0.5
          <br />
          O3: 600 PM10: 12
          <br />
          PM2_5: 0.6 SO2: 23
        </div>
      </div>
    </button>
    <button
      className="cell"
      onClick={[Function]}
      style={
        Object {
          "backgroundImage": "url()",
          "backgroundRepeat": "no-repeat",
          "backgroundSize": "contain",
        }
      }
      type="button"
    >
      <div
        className="inside-icon-wrapper"
      >
        <i
          className="fa fa-arrow-circle-right"
        />
      </div>
      <div
        className=""
      >
        <h2>
          Mexico
        </h2>
        <div
          className="pullution"
        >
          CO: 200 NO: 30
          <br />
          NO2: undefined NH3: 0.5
          <br />
          O3: 600 PM10: 12
          <br />
          PM2_5: 0.6 SO2: 23
        </div>
      </div>
    </button>
  </div>
</div>
`;
